python : C:\Users\USE
R\AppData\Local\Progr
ams\Python\Python311\
Lib\site-packages\pyd
antic\_internal\_conf
ig.py:383: 
UserWarning: Valid 
config keys have 
changed in V2:
At line:1 char:22
+ ... 
env:PYTHONPATH="."; 
python 
tests/manual_test.py 
> test_error.log 2>&1
+                    
     ~~~~~~~~~~~~~~~~
~~~~~~~~~~~~~~~~~~~~~
~~~~~~~~~~~~
    + CategoryInfo   
           : NotSpe  
  cified: (C:\User   
 s\USER\A... chan    
ged in V2::Strin    
g) [], RemoteExc    
eption
    + FullyQualified 
   ErrorId : Native  
  CommandError
 
* 'orm_mode' has 
been renamed to 
'from_attributes'
  warnings.warn(messa
ge, UserWarning)
C:\Users\USER\AppData
\Local\Programs\Pytho
n\Python311\Lib\site-
packages\pydantic\_in
ternal\_generate_sche
ma.py:2249: Unsupport
edFieldAttributeWarni
ng: The 'alias' 
attribute with value 
'grant_type' was 
provided to the 
`Field()` function, 
which has no effect 
in the context it 
was used. 'alias' is 
field-specific 
metadata, and can 
only be attached to 
a model field using 
`Annotated` metadata 
or by assignment. 
This may have 
happened because an 
`Annotated` type 
alias using the 
`type` statement was 
used, or if the 
`Field()` function 
was attached to a 
single member of a 
union type.
  warnings.warn(
Traceback (most 
recent call last):
  File "C:\Users\USER
\ahead-hackathon\back
end\tests\manual_test
.py", line 2, in 
<module>
    from app.main 
import app
  File "C:\Users\USER
\ahead-hackathon\back
end\app\main.py", 
line 4, in <module>
    from app.api.api 
import api_router
  File "C:\Users\USER
\ahead-hackathon\back
end\app\api\api.py", 
line 2, in <module>
    from 
app.api.endpoints 
import auth, 
medications, visits, 
sms, admin, patient
  File "C:\Users\USER
\ahead-hackathon\back
end\app\api\endpoints
\auth.py", line 17, 
in <module>
    @router.post("/lo
gin", 
response_model=Token)
     ^^^^^^^^^^^^^^^^
^^^^^^^^^^^^^^^^^^^^^
^^^^^^
  File "C:\Users\USER
\AppData\Local\Progra
ms\Python\Python311\L
ib\site-packages\fast
api\routing.py", 
line 921, in 
decorator
    
self.add_api_route(
  File "C:\Users\USER
\AppData\Local\Progra
ms\Python\Python311\L
ib\site-packages\fast
api\routing.py", 
line 860, in 
add_api_route
    route = 
route_class(
            
^^^^^^^^^^^^
  File "C:\Users\USER
\AppData\Local\Progra
ms\Python\Python311\L
ib\site-packages\fast
api\routing.py", 
line 490, in __init__
    self.dependant = 
get_dependant(path=se
lf.path_format, 
call=self.endpoint)
                     
^^^^^^^^^^^^^^^^^^^^^
^^^^^^^^^^^^^^^^^^^^^
^^^^^^^^^^^^^^
  File "C:\Users\USER
\AppData\Local\Progra
ms\Python\Python311\L
ib\site-packages\fast
api\dependencies\util
s.py", line 269, in 
get_dependant
    sub_dependant = g
et_param_sub_dependan
t(
                    ^
^^^^^^^^^^^^^^^^^^^^^
^^
  File "C:\Users\USER
\AppData\Local\Progra
ms\Python\Python311\L
ib\site-packages\fast
api\dependencies\util
s.py", line 112, in g
et_param_sub_dependan
t
    return 
get_sub_dependant(
           
^^^^^^^^^^^^^^^^^^
  File "C:\Users\USER
\AppData\Local\Progra
ms\Python\Python311\L
ib\site-packages\fast
api\dependencies\util
s.py", line 148, in 
get_sub_dependant
    sub_dependant = 
get_dependant(
                    
^^^^^^^^^^^^^^
  File "C:\Users\USER
\AppData\Local\Progra
ms\Python\Python311\L
ib\site-packages\fast
api\dependencies\util
s.py", line 290, in 
get_dependant
    add_param_to_fiel
ds(field=param_field,
 dependant=dependant)
  File "C:\Users\USER
\AppData\Local\Progra
ms\Python\Python311\L
ib\site-packages\fast
api\dependencies\util
s.py", line 470, in 
add_param_to_fields
    if 
field_info.in_ == par
ams.ParamTypes.path:
       ^^^^^^^^^^^^^^
AttributeError: 
'FieldInfo' object 
has no attribute 
'in_'
